exit_status=1

=== npm install ===

added 426 packages in 21s
npm warn allow-scripts 1 package has install scripts not yet covered by allowScripts:
npm warn allow-scripts   esbuild@0.28.1 (postinstall: node install.js)
npm warn allow-scripts
npm warn allow-scripts Run `npm approve-scripts --allow-scripts-pending` to review, or `npm approve-scripts <pkg>` to allow.
=== npm run motion:check ===

> anatomy@0.1.0 motion:check
> remotion compositions src/motion/index.ts

Bundling code        [34m━[39m[2m╺━━━━━━━━━━━━━━━━[22m 6%
Bundling code        [34m━━━━[39m[2m╺━━━━━━━━━━━━━[22m 24%
Bundling code        [34m━━━━━━╸[39m[2m━━━━━━━━━━━[22m 38%
Bundling code        [34m━━━━━━━━━[39m[2m╺━━━━━━━━[22m 50%
Bundling code        [34m━━━━━━━━━━━╸[39m[2m━━━━━━[22m 65%
Bundling code        [34m━━━━━━━━━━━━╸[39m[2m━━━━━[22m 71%
Bundling code        [34m━━━━━━━━━━━━━╸[39m[2m━━━━[22m 76%
Bundling code        [34m━━━━━━━━━━━━━━╸[39m[2m━━━[22m 81%
Bundling code        [34m━━━━━━━━━━━━━━━[39m[2m╺━━[22m 86%
Bundling code        [34m━━━━━━━━━━━━━━━━[39m[2m╺━[22m 91%
Bundling code        [34m━━━━━━━━━━━━━━━━━╸[39m 98%
Bundling code        [34m━━━━━━━━━━━━━━━━━━[39m 100%
Bundled code         [34m━━━━━━━━━━━━━━━━━━[39m [90m6723ms[39m
⚡️ Cached bundle. Subsequent renders will be faster.
[90mDownloading Chrome Headless Shell https://www.remotion.dev/chrome-headless-shell[39m
Downloading from: https://remotion.media/chromium-headless-shell-linux-x64-149.0.7790.0.zip?clear
Getting Headless Shell - 9.5 Mb/91.9 Mb
Getting Headless Shell - 19.1 Mb/91.9 Mb
Getting Headless Shell - 28.6 Mb/91.9 Mb
Getting Headless Shell - 38.2 Mb/91.9 Mb
Getting Headless Shell - 47.7 Mb/91.9 Mb
Getting Headless Shell - 57.3 Mb/91.9 Mb
Getting Headless Shell - 66.8 Mb/91.9 Mb
Getting Headless Shell - 76.4 Mb/91.9 Mb
Getting Headless Shell - 85.9 Mb/91.9 Mb
Got Headless Shell

The following compositions are available:

WalletLedgerLoop        20      960x540        80 (4.00 sec)
KeySignatureLoop        20      960x540        110 (5.50 sec)
RecoveryTreeLoop        20      960x540        120 (6.00 sec)
SoftwareSigningLoop     20      960x540        130 (6.50 sec)
HardwareSigningLoop     20      960x540        155 (7.75 sec)
MismatchRejectedLoop    20      960x540        105 (5.25 sec)
=== npm run build ===

> anatomy@0.1.0 build
> astro build

[2m06:25:54[22m [34m[content][39m Syncing content
[31m[InvalidContentEntryDataError][39m [1marticles → hardware-wallet[22m data does not match collection schema.

  [1mdescription[22m: Too big: expected string to have <=170 characters

  [1mHint:[22m
[33m    See [4mhttps://docs.astro.build/en/guides/content-collections/[24m for more information on content schemas.[39m
  [1mError reference:[22m
    [36m[4mhttps://docs.astro.build/en/reference/errors/invalid-content-entry-data-error/[24m[39m
  [1mLocation:[22m
    [4m/home/runner/work/anatomy/anatomy/src/content/articles/hardware-wallet.md:0:0[24m
  [1mStack trace:[22m
[2m    at getEntryData (/home/runner/work/anatomy/anatomy/node_modules/astro/dist/content/utils.js:121:9)
    at async eval (/home/runner/work/anatomy/anatomy/node_modules/astro/dist/content/loaders/glob.js:225:13)[22m
